
> xjtu-canteen-vue@1.0.0 dev
> vite --host 127.0.0.1


  [32m[1mVITE[22m v5.4.21[39m  [2mready in [0m[1m534[22m[2m[0m ms[22m

  [32m➜[39m  [1mLocal[22m:   [36mhttp://127.0.0.1:[1m5173[22m/[39m
[2m20:55:19[22m [36m[1m[vite][22m[39m [32mhmr update [39m[2m/src/App.vue, /src/views/HomeView.vue, /src/views/LoginView.vue, /src/views/StallView.vue, /src/views/AdminView.vue, /src/views/ProfileView.vue, /src/views/RegisterView.vue, /src/views/RankingsView.vue[22m
[2m21:25:34[22m [36m[1m[vite][22m[39m [32mhmr update [39m[2m/src/views/LoginView.vue[22m
[2m21:25:42[22m [36m[1m[vite][22m[39m [32mpage reload [39m[2mindex.html[22m
[2m21:32:15[22m [36m[1m[vite][22m[39m [32mhmr update [39m[2m/src/App.vue[22m
[2m21:32:15[22m [36m[1m[vite][22m[39m [32mhmr update [39m[2m/src/style.css[22m
[2m21:33:00[22m [36m[1m[vite][22m[39m [32mhmr update [39m[2m/src/views/LoginView.vue[22m
[2m21:33:00[22m [36m[1m[vite][22m[39m [32mhmr update [39m[2m/src/views/RegisterView.vue[22m
[2m21:33:00[22m [36m[1m[vite][22m[39m [32mhmr update [39m[2m/src/views/HomeView.vue[22m
[2m21:33:33[22m [36m[1m[vite][22m[39m [32mhmr update [39m[2m/src/views/StallView.vue[22m
[2m21:33:33[22m [36m[1m[vite][22m[39m [32mhmr update [39m[2m/src/views/RankingsView.vue[22m
[2m21:34:19[22m [36m[1m[vite][22m[39m [32mhmr update [39m[2m/src/views/ProfileView.vue[22m
[2m21:35:02[22m [36m[1m[vite][22m[39m [32mhmr update [39m[2m/src/views/AdminView.vue[22m
[2m21:56:12[22m [36m[1m[vite][22m[39m [32mhmr update [39m[2m/src/App.vue, /src/views/HomeView.vue, /src/views/LoginView.vue, /src/views/StallView.vue, /src/views/AdminView.vue, /src/views/ProfileView.vue, /src/views/RegisterView.vue, /src/views/RankingsView.vue[22m
[2m22:03:54[22m [36m[1m[vite][22m[39m [32mpage reload [39m[2mindex.html[22m
[2m22:25:32[22m [36m[1m[vite][22m[39m [32mhmr update [39m[2m/src/App.vue[22m
[2m22:25:32[22m [36m[1m[vite][22m[39m [32mhmr update [39m[2m/src/views/HomeView.vue[22m
[2m22:25:32[22m [36m[1m[vite][22m[39m [32mhmr update [39m[2m/src/views/LoginView.vue[22m
[2m22:25:32[22m [36m[1m[vite][22m[39m [32mhmr update [39m[2m/src/views/RegisterView.vue[22m
[2m22:26:44[22m [36m[1m[vite][22m[39m [32mhmr update [39m[2m/src/style.css[22m
