
  .   ____          _            __ _ _
 /\\ / ___'_ __ _ _(_)_ __  __ _ \ \ \ \
( ( )\___ | '_ | '_| | '_ \/ _` | \ \ \ \
 \\/  ___)| |_)| | | | | || (_| |  ) ) ) )
  '  |____| .__|_| |_|_| |_\__, | / / / /
 =========|_|==============|___/=/_/_/_/

 :: Spring Boot ::                (v3.3.5)

2026-04-27T21:55:49.156+08:00  INFO 12336 --- [           main] com.xjtu.canteen.CanteenApplication      : Starting CanteenApplication v1.0.0 using Java 17.0.4.1 with PID 12336 (E:\Download\Code\XJTUCanteen\java-backend\target\canteen-backend-1.0.0.jar started by 86158 in E:\Download\Code\XJTUCanteen\java-backend)
2026-04-27T21:55:49.158+08:00  INFO 12336 --- [           main] com.xjtu.canteen.CanteenApplication      : No active profile set, falling back to 1 default profile: "default"
2026-04-27T21:55:58.397+08:00  INFO 12336 --- [           main] o.s.b.w.embedded.tomcat.TomcatWebServer  : Tomcat initialized with port 8000 (http)
2026-04-27T21:55:58.418+08:00  INFO 12336 --- [           main] o.apache.catalina.core.StandardService   : Starting service [Tomcat]
2026-04-27T21:55:58.418+08:00  INFO 12336 --- [           main] o.apache.catalina.core.StandardEngine    : Starting Servlet engine: [Apache Tomcat/10.1.31]
2026-04-27T21:55:58.459+08:00  INFO 12336 --- [           main] o.a.c.c.C.[Tomcat].[localhost].[/]       : Initializing Spring embedded WebApplicationContext
2026-04-27T21:55:58.461+08:00  INFO 12336 --- [           main] w.s.c.ServletWebServerApplicationContext : Root WebApplicationContext: initialization completed in 9255 ms
2026-04-27T21:55:58.580+08:00  INFO 12336 --- [           main] com.zaxxer.hikari.HikariDataSource       : HikariPool-1 - Starting...
2026-04-27T21:55:58.893+08:00  INFO 12336 --- [           main] com.zaxxer.hikari.pool.HikariPool        : HikariPool-1 - Added connection com.mysql.cj.jdbc.ConnectionImpl@285583d4
2026-04-27T21:55:58.904+08:00  INFO 12336 --- [           main] com.zaxxer.hikari.HikariDataSource       : HikariPool-1 - Start completed.
2026-04-27T21:56:00.028+08:00  INFO 12336 --- [           main] o.s.b.w.embedded.tomcat.TomcatWebServer  : Tomcat started on port 8000 (http) with context path '/'
2026-04-27T21:56:00.067+08:00  INFO 12336 --- [           main] com.xjtu.canteen.CanteenApplication      : Started CanteenApplication in 11.315 seconds (process running for 11.772)
2026-04-27T21:56:02.338+08:00  INFO 12336 --- [nio-8000-exec-1] o.a.c.c.C.[Tomcat].[localhost].[/]       : Initializing Spring DispatcherServlet 'dispatcherServlet'
2026-04-27T21:56:02.347+08:00  INFO 12336 --- [nio-8000-exec-1] o.s.web.servlet.DispatcherServlet        : Initializing Servlet 'dispatcherServlet'
2026-04-27T21:56:02.350+08:00  INFO 12336 --- [nio-8000-exec-1] o.s.web.servlet.DispatcherServlet        : Completed initialization in 1 ms
