
  .   ____          _            __ _ _
 /\\ / ___'_ __ _ _(_)_ __  __ _ \ \ \ \
( ( )\___ | '_ | '_| | '_ \/ _` | \ \ \ \
 \\/  ___)| |_)| | | | | || (_| |  ) ) ) )
  '  |____| .__|_| |_|_| |_\__, | / / / /
 =========|_|==============|___/=/_/_/_/

 :: Spring Boot ::                (v3.3.5)

2026-04-27T21:50:11.570+08:00  INFO 15804 --- [           main] com.xjtu.canteen.CanteenApplication      : Starting CanteenApplication v1.0.0 using Java 17.0.4.1 with PID 15804 (E:\Download\Code\XJTUCanteen\java-backend\target\canteen-backend-1.0.0.jar started by 86158 in E:\Download\Code\XJTUCanteen\java-backend)
2026-04-27T21:50:11.580+08:00  INFO 15804 --- [           main] com.xjtu.canteen.CanteenApplication      : No active profile set, falling back to 1 default profile: "default"
2026-04-27T21:50:21.100+08:00  INFO 15804 --- [           main] o.s.b.w.embedded.tomcat.TomcatWebServer  : Tomcat initialized with port 8000 (http)
2026-04-27T21:50:21.119+08:00  INFO 15804 --- [           main] o.apache.catalina.core.StandardService   : Starting service [Tomcat]
2026-04-27T21:50:21.119+08:00  INFO 15804 --- [           main] o.apache.catalina.core.StandardEngine    : Starting Servlet engine: [Apache Tomcat/10.1.31]
2026-04-27T21:50:21.164+08:00  INFO 15804 --- [           main] o.a.c.c.C.[Tomcat].[localhost].[/]       : Initializing Spring embedded WebApplicationContext
2026-04-27T21:50:21.165+08:00  INFO 15804 --- [           main] w.s.c.ServletWebServerApplicationContext : Root WebApplicationContext: initialization completed in 9518 ms
2026-04-27T21:50:21.278+08:00  INFO 15804 --- [           main] com.zaxxer.hikari.HikariDataSource       : HikariPool-1 - Starting...
2026-04-27T21:50:21.584+08:00  INFO 15804 --- [           main] com.zaxxer.hikari.pool.HikariPool        : HikariPool-1 - Added connection com.mysql.cj.jdbc.ConnectionImpl@9accff0
2026-04-27T21:50:21.594+08:00  INFO 15804 --- [           main] com.zaxxer.hikari.HikariDataSource       : HikariPool-1 - Start completed.
2026-04-27T21:50:22.692+08:00  INFO 15804 --- [           main] o.s.b.w.embedded.tomcat.TomcatWebServer  : Tomcat started on port 8000 (http) with context path '/'
2026-04-27T21:50:22.731+08:00  INFO 15804 --- [           main] com.xjtu.canteen.CanteenApplication      : Started CanteenApplication in 11.729 seconds (process running for 12.276)
2026-04-27T21:50:24.492+08:00  INFO 15804 --- [nio-8000-exec-1] o.a.c.c.C.[Tomcat].[localhost].[/]       : Initializing Spring DispatcherServlet 'dispatcherServlet'
2026-04-27T21:50:24.501+08:00  INFO 15804 --- [nio-8000-exec-1] o.s.web.servlet.DispatcherServlet        : Initializing Servlet 'dispatcherServlet'
2026-04-27T21:50:24.503+08:00  INFO 15804 --- [nio-8000-exec-1] o.s.web.servlet.DispatcherServlet        : Completed initialization in 1 ms
