
  .   ____          _            __ _ _
 /\\ / ___'_ __ _ _(_)_ __  __ _ \ \ \ \
( ( )\___ | '_ | '_| | '_ \/ _` | \ \ \ \
 \\/  ___)| |_)| | | | | || (_| |  ) ) ) )
  '  |____| .__|_| |_|_| |_\__, | / / / /
 =========|_|==============|___/=/_/_/_/

 :: Spring Boot ::                (v3.3.5)

2026-04-27T21:47:06.706+08:00  INFO 16408 --- [           main] com.xjtu.canteen.CanteenApplication      : Starting CanteenApplication v1.0.0 using Java 17.0.4.1 with PID 16408 (E:\Download\Code\XJTUCanteen\java-backend\target\canteen-backend-1.0.0.jar started by 86158 in E:\Download\Code\XJTUCanteen\java-backend)
2026-04-27T21:47:06.710+08:00  INFO 16408 --- [           main] com.xjtu.canteen.CanteenApplication      : No active profile set, falling back to 1 default profile: "default"
2026-04-27T21:47:16.032+08:00  INFO 16408 --- [           main] o.s.b.w.embedded.tomcat.TomcatWebServer  : Tomcat initialized with port 8000 (http)
2026-04-27T21:47:16.042+08:00  INFO 16408 --- [           main] o.apache.catalina.core.StandardService   : Starting service [Tomcat]
2026-04-27T21:47:16.043+08:00  INFO 16408 --- [           main] o.apache.catalina.core.StandardEngine    : Starting Servlet engine: [Apache Tomcat/10.1.31]
2026-04-27T21:47:16.073+08:00  INFO 16408 --- [           main] o.a.c.c.C.[Tomcat].[localhost].[/]       : Initializing Spring embedded WebApplicationContext
2026-04-27T21:47:16.074+08:00  INFO 16408 --- [           main] w.s.c.ServletWebServerApplicationContext : Root WebApplicationContext: initialization completed in 9311 ms
2026-04-27T21:47:16.206+08:00  INFO 16408 --- [           main] com.zaxxer.hikari.HikariDataSource       : HikariPool-1 - Starting...
2026-04-27T21:47:16.575+08:00  INFO 16408 --- [           main] com.zaxxer.hikari.pool.HikariPool        : HikariPool-1 - Added connection com.mysql.cj.jdbc.ConnectionImpl@285583d4
2026-04-27T21:47:16.587+08:00  INFO 16408 --- [           main] com.zaxxer.hikari.HikariDataSource       : HikariPool-1 - Start completed.
2026-04-27T21:47:17.749+08:00  INFO 16408 --- [           main] o.s.b.w.embedded.tomcat.TomcatWebServer  : Tomcat started on port 8000 (http) with context path '/'
2026-04-27T21:47:17.786+08:00  INFO 16408 --- [           main] com.xjtu.canteen.CanteenApplication      : Started CanteenApplication in 11.507 seconds (process running for 11.975)
2026-04-27T21:47:19.861+08:00  INFO 16408 --- [nio-8000-exec-1] o.a.c.c.C.[Tomcat].[localhost].[/]       : Initializing Spring DispatcherServlet 'dispatcherServlet'
2026-04-27T21:47:19.871+08:00  INFO 16408 --- [nio-8000-exec-1] o.s.web.servlet.DispatcherServlet        : Initializing Servlet 'dispatcherServlet'
2026-04-27T21:47:19.872+08:00  INFO 16408 --- [nio-8000-exec-1] o.s.web.servlet.DispatcherServlet        : Completed initialization in 1 ms
